[?7h[255D[12C[0;1mﬂ\    ﬂ\ ﬂ\ﬂ\ﬂ\ﬂ\ ﬂ\ﬂ\ﬂ\ﬂ\ ﬂ\ﬂ\ﬂ\ﬂ\ ﬂ\ﬂ\ﬂ\ﬂ\ ﬂ\ﬂ\ﬂ\ﬂ\
[13Cﬂ\  ﬂ\  ﬂ\    ﬂ\ ﬂ\[7Cﬂ\    ﬂ\ ﬂ\    ﬂ\ ﬂ\
[15Cﬂ\    ﬂ\    ﬂ\ ﬂ\ﬂ\ﬂ\ﬂ\ ﬂ\ﬂ\ﬂ\ﬂ\ ﬂ\ﬂ\ﬂ\ﬂ\ ﬂ\ﬂ\ﬂ\ﬂ\
[15Cﬂ\    ﬂ\    ﬂ\[7Cﬂ\ ﬂ\    ﬂ\ ﬂ\    ﬂ\[7Cﬂ\
[15Cﬂ\    ﬂ\    ﬂ\[7Cﬂ\ ﬂ\    ﬂ\ ﬂ\    ﬂ\[7Cﬂ\
[15Cﬂ\    ﬂ\ﬂ\ﬂ\ﬂ\ ﬂ\ﬂ\ﬂ\ﬂ\ ﬂ\ﬂ\ﬂ\ﬂ\ ﬂ\ﬂ\ﬂ\ﬂ\ ﬂ\ﬂ\ﬂ\ﬂ\[0m
