[?7h[255D[40m
[0;1m[8C[0;34mлллллллнлл ллллллллл мллллллллмолллллллллнолллллллллн мллллллллм
[7Cолллллллнллолллллллнлоллллолллллолллллллнллолллллллнллоллллоллллл
[7Cолллллллнллолллллллнлолллл[6Cолллллллнллолллллллнллолллл
[7Cолллллллнллолллллллнлоллллллллм олллллллнллолллллллнллоллллллллм
[7Cоллллллллллолллллллнл ппппплллллолллллллллнолллллллллн пппппллллл
[8Cлллллллллнолллллллнлоллллнлллллолллллллнллолллллллнллоллллнллллл
[8Cоллллллл  оллллллллл плллллллп оллллллллллолллллллллл плллллллп
[0m
