[?7h[40m[2J[40m
[0;1m________________________________________________________________________________[3;1H_____/~~\__/~~\__/~~~~~~\___/~~~~~~\__/~~~~~~~\__/~~~~~~~\___/~~~~~~\___________[4;1H______/~~\/~~\__/~~\__/~~\_/~~\_______/~~\__/~~\_/~~\__/~~\_/~~\________________[5;1H_______/~~~~\___/~~\__/~~\__/~~~~~~\__/~~~~~~~\__/~~~~~~~\___/~~~~~~\___________[6;1H________/~~\____/~~\__/~~\_______/~~\_/~~\__/~~\_/~~\__/~~\_______/~~\__________[7;1H________/~~\_____/~~~~~~\___/~~~~~~\__/~~~~~~~\__/~~~~~~~\___/~~~~~~\___________[8;1H________________________________________________________________________________[9;1H
[0m
