[?7h[40m[2J[40m
[0;1;32m[40C88[11C88
[40C88[11C88
[40C88[11C88
  8b[7Cd8   ,adPPYba,   ,adPPYba,   88,dPPYba,   88,dPPYba,   ,adPPYba,
  `8b[5Cd8'  a8"[5C"8a  I8[    ""   88P'    "8a  88P'    "8a  I8[    ""
   `8b   d8'   8b[7Cd8   `"Y8ba,    88[7Cd8  88[7Cd8   `"Y8ba,
    `8b,d8'    "8a,   ,a8"  aa    ]8I   88b,   ,a8"  88b,   ,a8"  aa    ]8I
[6CY88'[6C`"YbbdP"'   `"YbbdP"'   8Y"Ybbd8"'   8Y"Ybbd8"'   `"YbbdP"'
[6Cd8'
[5Cd8'[0m
